Analysis & Synthesis report for genshin
Thu Apr 28 16:25:55 2022
Quartus II 64-Bit Version 14.1.0 Build 186 12/03/2014 SJ Web Edition


---------------------
; Table of Contents ;
---------------------
  1. Legal Notice
  2. Analysis & Synthesis Summary
  3. Analysis & Synthesis Settings
  4. Parallel Compilation
  5. Analysis & Synthesis Messages
  6. Analysis & Synthesis Suppressed Messages



----------------
; Legal Notice ;
----------------
Copyright (C) 1991-2014 Altera Corporation. All rights reserved.
Your use of Altera Corporation's design tools, logic functions 
and other software and tools, and its AMPP partner logic 
functions, and any output files from any of the foregoing 
(including device programming or simulation files), and any 
associated documentation or information are expressly subject 
to the terms and conditions of the Altera Program License 
Subscription Agreement, the Altera Quartus II License Agreement,
the Altera MegaCore Function License Agreement, or other 
applicable license agreement, including, without limitation, 
that your use is for the sole purpose of programming logic 
devices manufactured by Altera and sold by Altera or its 
authorized distributors.  Please refer to the applicable 
agreement for further details.



+---------------------------------------------------------------------------------+
; Analysis & Synthesis Summary                                                    ;
+------------------------------------+--------------------------------------------+
; Analysis & Synthesis Status        ; Failed - Thu Apr 28 16:25:55 2022          ;
; Quartus II 64-Bit Version          ; 14.1.0 Build 186 12/03/2014 SJ Web Edition ;
; Revision Name                      ; genshin                                    ;
; Top-level Entity Name              ; genshin                                    ;
; Family                             ; Cyclone IV E                               ;
; Total logic elements               ; N/A until Partition Merge                  ;
;     Total combinational functions  ; N/A until Partition Merge                  ;
;     Dedicated logic registers      ; N/A until Partition Merge                  ;
; Total registers                    ; N/A until Partition Merge                  ;
; Total pins                         ; N/A until Partition Merge                  ;
; Total virtual pins                 ; N/A until Partition Merge                  ;
; Total memory bits                  ; N/A until Partition Merge                  ;
; Embedded Multiplier 9-bit elements ; N/A until Partition Merge                  ;
; Total PLLs                         ; N/A until Partition Merge                  ;
+------------------------------------+--------------------------------------------+


+----------------------------------------------------------------------------------------------------------------------+
; Analysis & Synthesis Settings                                                                                        ;
+----------------------------------------------------------------------------+--------------------+--------------------+
; Option                                                                     ; Setting            ; Default Value      ;
+----------------------------------------------------------------------------+--------------------+--------------------+
; Device                                                                     ; EP4CE115F29C7      ;                    ;
; Top-level entity name                                                      ; genshin            ; genshin            ;
; Family name                                                                ; Cyclone IV E       ; Cyclone IV GX      ;
; Use smart compilation                                                      ; Off                ; Off                ;
; Enable parallel Assembler and TimeQuest Timing Analyzer during compilation ; On                 ; On                 ;
; Enable compact report table                                                ; Off                ; Off                ;
; Restructure Multiplexers                                                   ; Auto               ; Auto               ;
; Create Debugging Nodes for IP Cores                                        ; Off                ; Off                ;
; Preserve fewer node names                                                  ; On                 ; On                 ;
; Disable OpenCore Plus hardware evaluation                                  ; Off                ; Off                ;
; Verilog Version                                                            ; Verilog_2001       ; Verilog_2001       ;
; VHDL Version                                                               ; VHDL_1993          ; VHDL_1993          ;
; State Machine Processing                                                   ; Auto               ; Auto               ;
; Safe State Machine                                                         ; Off                ; Off                ;
; Extract Verilog State Machines                                             ; On                 ; On                 ;
; Extract VHDL State Machines                                                ; On                 ; On                 ;
; Ignore Verilog initial constructs                                          ; Off                ; Off                ;
; Iteration limit for constant Verilog loops                                 ; 5000               ; 5000               ;
; Iteration limit for non-constant Verilog loops                             ; 250                ; 250                ;
; Add Pass-Through Logic to Inferred RAMs                                    ; On                 ; On                 ;
; Infer RAMs from Raw Logic                                                  ; On                 ; On                 ;
; Parallel Synthesis                                                         ; On                 ; On                 ;
; DSP Block Balancing                                                        ; Auto               ; Auto               ;
; NOT Gate Push-Back                                                         ; On                 ; On                 ;
; Power-Up Don't Care                                                        ; On                 ; On                 ;
; Remove Redundant Logic Cells                                               ; Off                ; Off                ;
; Remove Duplicate Registers                                                 ; On                 ; On                 ;
; Ignore CARRY Buffers                                                       ; Off                ; Off                ;
; Ignore CASCADE Buffers                                                     ; Off                ; Off                ;
; Ignore GLOBAL Buffers                                                      ; Off                ; Off                ;
; Ignore ROW GLOBAL Buffers                                                  ; Off                ; Off                ;
; Ignore LCELL Buffers                                                       ; Off                ; Off                ;
; Ignore SOFT Buffers                                                        ; On                 ; On                 ;
; Limit AHDL Integers to 32 Bits                                             ; Off                ; Off                ;
; Optimization Technique                                                     ; Balanced           ; Balanced           ;
; Carry Chain Length                                                         ; 70                 ; 70                 ;
; Auto Carry Chains                                                          ; On                 ; On                 ;
; Auto Open-Drain Pins                                                       ; On                 ; On                 ;
; Perform WYSIWYG Primitive Resynthesis                                      ; Off                ; Off                ;
; Auto ROM Replacement                                                       ; On                 ; On                 ;
; Auto RAM Replacement                                                       ; On                 ; On                 ;
; Auto DSP Block Replacement                                                 ; On                 ; On                 ;
; Auto Shift Register Replacement                                            ; Auto               ; Auto               ;
; Allow Shift Register Merging across Hierarchies                            ; Auto               ; Auto               ;
; Auto Clock Enable Replacement                                              ; On                 ; On                 ;
; Strict RAM Replacement                                                     ; Off                ; Off                ;
; Allow Synchronous Control Signals                                          ; On                 ; On                 ;
; Force Use of Synchronous Clear Signals                                     ; Off                ; Off                ;
; Auto RAM Block Balancing                                                   ; On                 ; On                 ;
; Auto RAM to Logic Cell Conversion                                          ; Off                ; Off                ;
; Auto Resource Sharing                                                      ; Off                ; Off                ;
; Allow Any RAM Size For Recognition                                         ; Off                ; Off                ;
; Allow Any ROM Size For Recognition                                         ; Off                ; Off                ;
; Allow Any Shift Register Size For Recognition                              ; Off                ; Off                ;
; Use LogicLock Constraints during Resource Balancing                        ; On                 ; On                 ;
; Ignore translate_off and synthesis_off directives                          ; Off                ; Off                ;
; Timing-Driven Synthesis                                                    ; On                 ; On                 ;
; Report Parameter Settings                                                  ; On                 ; On                 ;
; Report Source Assignments                                                  ; On                 ; On                 ;
; Report Connectivity Checks                                                 ; On                 ; On                 ;
; Ignore Maximum Fan-Out Assignments                                         ; Off                ; Off                ;
; Synchronization Register Chain Length                                      ; 2                  ; 2                  ;
; PowerPlay Power Optimization During Synthesis                              ; Normal compilation ; Normal compilation ;
; HDL message level                                                          ; Level2             ; Level2             ;
; Suppress Register Optimization Related Messages                            ; Off                ; Off                ;
; Number of Removed Registers Reported in Synthesis Report                   ; 5000               ; 5000               ;
; Number of Swept Nodes Reported in Synthesis Report                         ; 5000               ; 5000               ;
; Number of Inverted Registers Reported in Synthesis Report                  ; 100                ; 100                ;
; Clock MUX Protection                                                       ; On                 ; On                 ;
; Auto Gated Clock Conversion                                                ; Off                ; Off                ;
; Block Design Naming                                                        ; Auto               ; Auto               ;
; SDC constraint protection                                                  ; Off                ; Off                ;
; Synthesis Effort                                                           ; Auto               ; Auto               ;
; Shift Register Replacement - Allow Asynchronous Clear Signal               ; On                 ; On                 ;
; Pre-Mapping Resynthesis Optimization                                       ; Off                ; Off                ;
; Analysis & Synthesis Message Level                                         ; Medium             ; Medium             ;
; Disable Register Merging Across Hierarchies                                ; Auto               ; Auto               ;
; Resource Aware Inference For Block RAM                                     ; On                 ; On                 ;
; Synthesis Seed                                                             ; 1                  ; 1                  ;
+----------------------------------------------------------------------------+--------------------+--------------------+


+------------------------------------------+
; Parallel Compilation                     ;
+----------------------------+-------------+
; Processors                 ; Number      ;
+----------------------------+-------------+
; Number detected on machine ; 8           ;
; Maximum allowed            ; 4           ;
;                            ;             ;
; Average used               ; 1.00        ;
; Maximum used               ; 1           ;
;                            ;             ;
; Usage by Processor         ; % Time Used ;
;     Processor 1            ; 100.0%      ;
;     Processors 2-8         ;   0.0%      ;
+----------------------------+-------------+


+-------------------------------+
; Analysis & Synthesis Messages ;
+-------------------------------+
Info: *******************************************************************
Info: Running Quartus II 64-Bit Analysis & Synthesis
    Info: Version 14.1.0 Build 186 12/03/2014 SJ Web Edition
    Info: Processing started: Thu Apr 28 16:25:41 2022
Info: Command: quartus_map --read_settings_files=on --write_settings_files=off genshin -c genshin
Info (11104): Parallel Compilation has detected 8 hyper-threaded processors. However, the extra hyper-threaded processors will not be used by default. Parallel Compilation will use 4 of the 4 physical processors detected instead.
Info (12021): Found 1 design units, including 1 entities, in source file genshin_wrapper.sv
    Info (12023): Found entity 1: genshin_wrapper
Info (12021): Found 1 design units, including 1 entities, in source file genshin.sv
    Info (12023): Found entity 1: genshin
Info (12021): Found 1 design units, including 1 entities, in source file /users/kiman/onedrive/desktop/school/cpe/cpe 200l/finalproject/seven segment/sevenseg.sv
    Info (12023): Found entity 1: sevenseg
Warning (10236): Verilog HDL Implicit Net warning at genshin_wrapper.sv(9): created implicit net for "LEDR"
Warning (10236): Verilog HDL Implicit Net warning at genshin_wrapper.sv(11): created implicit net for "HEX3s"
Info (12127): Elaborating entity "genshin" for the top level hierarchy
Warning (10230): Verilog HDL assignment warning at genshin.sv(26): truncated value with size 5 to match size of target (4)
Warning (10270): Verilog HDL Case Statement warning at genshin.sv(47): incomplete case statement has no default case item
Warning (10240): Verilog HDL Always Construct warning at genshin.sv(47): inferring latch(es) for variable "first", which holds its previous value in one or more paths through the always construct
Warning (10240): Verilog HDL Always Construct warning at genshin.sv(47): inferring latch(es) for variable "second", which holds its previous value in one or more paths through the always construct
Warning (10240): Verilog HDL Always Construct warning at genshin.sv(47): inferring latch(es) for variable "third", which holds its previous value in one or more paths through the always construct
Warning (10240): Verilog HDL Always Construct warning at genshin.sv(47): inferring latch(es) for variable "fourth", which holds its previous value in one or more paths through the always construct
Error (10166): SystemVerilog RTL Coding error at genshin.sv(47): always_comb construct does not infer purely combinational logic. File: C:/Users/kiman/OneDrive/Desktop/School/CPE/CPE 200L/FinalProject/simulate/genshin.sv Line: 47
Warning (10030): Net "y" at genshin.sv(12) has no driver or initial value, using a default initial value '0'
Info (10041): Inferred latch for "fourth[0]" at genshin.sv(47)
Info (10041): Inferred latch for "fourth[1]" at genshin.sv(47)
Info (10041): Inferred latch for "fourth[2]" at genshin.sv(47)
Info (10041): Inferred latch for "fourth[3]" at genshin.sv(47)
Info (10041): Inferred latch for "fourth[4]" at genshin.sv(47)
Info (10041): Inferred latch for "fourth[5]" at genshin.sv(47)
Info (10041): Inferred latch for "fourth[6]" at genshin.sv(47)
Info (10041): Inferred latch for "fourth[7]" at genshin.sv(47)
Info (10041): Inferred latch for "third[0]" at genshin.sv(47)
Info (10041): Inferred latch for "third[1]" at genshin.sv(47)
Info (10041): Inferred latch for "third[2]" at genshin.sv(47)
Info (10041): Inferred latch for "third[3]" at genshin.sv(47)
Info (10041): Inferred latch for "third[4]" at genshin.sv(47)
Info (10041): Inferred latch for "third[5]" at genshin.sv(47)
Info (10041): Inferred latch for "third[6]" at genshin.sv(47)
Info (10041): Inferred latch for "third[7]" at genshin.sv(47)
Info (10041): Inferred latch for "second[0]" at genshin.sv(47)
Info (10041): Inferred latch for "second[1]" at genshin.sv(47)
Info (10041): Inferred latch for "second[2]" at genshin.sv(47)
Info (10041): Inferred latch for "second[3]" at genshin.sv(47)
Info (10041): Inferred latch for "second[4]" at genshin.sv(47)
Info (10041): Inferred latch for "second[5]" at genshin.sv(47)
Info (10041): Inferred latch for "second[6]" at genshin.sv(47)
Info (10041): Inferred latch for "second[7]" at genshin.sv(47)
Info (10041): Inferred latch for "first[0]" at genshin.sv(47)
Info (10041): Inferred latch for "first[1]" at genshin.sv(47)
Info (10041): Inferred latch for "first[2]" at genshin.sv(47)
Info (10041): Inferred latch for "first[3]" at genshin.sv(47)
Info (10041): Inferred latch for "first[4]" at genshin.sv(47)
Info (10041): Inferred latch for "first[5]" at genshin.sv(47)
Info (10041): Inferred latch for "first[6]" at genshin.sv(47)
Info (10041): Inferred latch for "first[7]" at genshin.sv(47)
Error (10028): Can't resolve multiple constant drivers for net "character[3]" at genshin.sv(38) File: C:/Users/kiman/OneDrive/Desktop/School/CPE/CPE 200L/FinalProject/simulate/genshin.sv Line: 38
Error (10029): Constant driver at genshin.sv(20) File: C:/Users/kiman/OneDrive/Desktop/School/CPE/CPE 200L/FinalProject/simulate/genshin.sv Line: 20
Error (10028): Can't resolve multiple constant drivers for net "character[2]" at genshin.sv(38) File: C:/Users/kiman/OneDrive/Desktop/School/CPE/CPE 200L/FinalProject/simulate/genshin.sv Line: 38
Error (10028): Can't resolve multiple constant drivers for net "character[1]" at genshin.sv(38) File: C:/Users/kiman/OneDrive/Desktop/School/CPE/CPE 200L/FinalProject/simulate/genshin.sv Line: 38
Error (10028): Can't resolve multiple constant drivers for net "character[0]" at genshin.sv(38) File: C:/Users/kiman/OneDrive/Desktop/School/CPE/CPE 200L/FinalProject/simulate/genshin.sv Line: 38
Error (12153): Can't elaborate top-level user hierarchy
Info (144001): Generated suppressed messages file C:/Users/kiman/OneDrive/Desktop/School/CPE/CPE 200L/FinalProject/simulate/output_files/genshin.map.smsg
Error: Quartus II 64-Bit Analysis & Synthesis was unsuccessful. 7 errors, 9 warnings
    Error: Peak virtual memory: 4735 megabytes
    Error: Processing ended: Thu Apr 28 16:25:56 2022
    Error: Elapsed time: 00:00:15
    Error: Total CPU time (on all processors): 00:00:12


+------------------------------------------+
; Analysis & Synthesis Suppressed Messages ;
+------------------------------------------+
The suppressed messages can be found in C:/Users/kiman/OneDrive/Desktop/School/CPE/CPE 200L/FinalProject/simulate/output_files/genshin.map.smsg.


